// Jest Snapshot v1, https://goo.gl/fbAQLP

exports[`unit test: jf_table_view directive & JFTableViewOptions service should compile 1`] = `
"<jf-data-list items=\\"data.items\\" class=\\"ng-scope ng-isolate-scope\\"><table class=\\"data-list\\">
	<tbody><!-- ngRepeat: item in jfDataList.formattedItems --><!-- ngIf: !item.isHidden --><tr class=\\"data-list-item ng-scope\\" ng-repeat=\\"item in jfDataList.formattedItems\\" ng-if=\\"!item.isHidden\\">
		<td class=\\"data-list-item-label ng-binding\\">Plain text:</td>
		<td class=\\"data-list-item-value\\">
			<jf-data-list-item item=\\"item\\" index=\\"$index\\"></jf-data-list-item>
		</td>
	</tr><!-- end ngIf: !item.isHidden --><!-- end ngRepeat: item in jfDataList.formattedItems --><!-- ngIf: !item.isHidden --><tr class=\\"data-list-item ng-scope\\" ng-repeat=\\"item in jfDataList.formattedItems\\" ng-if=\\"!item.isHidden\\">
		<td class=\\"data-list-item-label ng-binding\\">More plain text:</td>
		<td class=\\"data-list-item-value\\">
			<jf-data-list-item item=\\"item\\" index=\\"$index\\"></jf-data-list-item>
		</td>
	</tr><!-- end ngIf: !item.isHidden --><!-- end ngRepeat: item in jfDataList.formattedItems --><!-- ngIf: !item.isHidden --><tr class=\\"data-list-item ng-scope\\" ng-repeat=\\"item in jfDataList.formattedItems\\" ng-if=\\"!item.isHidden\\">
		<td class=\\"data-list-item-label ng-binding\\">Text with copy to clipboard:</td>
		<td class=\\"data-list-item-value\\">
			<jf-data-list-item item=\\"item\\" index=\\"$index\\"></jf-data-list-item>
		</td>
	</tr><!-- end ngIf: !item.isHidden --><!-- end ngRepeat: item in jfDataList.formattedItems --><!-- ngIf: !item.isHidden --><tr class=\\"data-list-item ng-scope\\" ng-repeat=\\"item in jfDataList.formattedItems\\" ng-if=\\"!item.isHidden\\">
		<td class=\\"data-list-item-label ng-binding\\">Overflowing text:</td>
		<td class=\\"data-list-item-value\\">
			<jf-data-list-item item=\\"item\\" index=\\"$index\\"></jf-data-list-item>
		</td>
	</tr><!-- end ngIf: !item.isHidden --><!-- end ngRepeat: item in jfDataList.formattedItems --><!-- ngIf: !item.isHidden --><tr class=\\"data-list-item ng-scope\\" ng-repeat=\\"item in jfDataList.formattedItems\\" ng-if=\\"!item.isHidden\\">
		<td class=\\"data-list-item-label ng-binding\\">Overflowing text with copy:</td>
		<td class=\\"data-list-item-value\\">
			<jf-data-list-item item=\\"item\\" index=\\"$index\\"></jf-data-list-item>
		</td>
	</tr><!-- end ngIf: !item.isHidden --><!-- end ngRepeat: item in jfDataList.formattedItems --><!-- ngIf: !item.isHidden --><tr class=\\"data-list-item ng-scope\\" ng-repeat=\\"item in jfDataList.formattedItems\\" ng-if=\\"!item.isHidden\\">
		<td class=\\"data-list-item-label ng-binding\\">Empty text:</td>
		<td class=\\"data-list-item-value\\">
			<jf-data-list-item item=\\"item\\" index=\\"$index\\"></jf-data-list-item>
		</td>
	</tr><!-- end ngIf: !item.isHidden --><!-- end ngRepeat: item in jfDataList.formattedItems --><!-- ngIf: !item.isHidden --><tr class=\\"data-list-item ng-scope\\" ng-repeat=\\"item in jfDataList.formattedItems\\" ng-if=\\"!item.isHidden\\">
		<td class=\\"data-list-item-label ng-binding\\">List with some clickable items:</td>
		<td class=\\"data-list-item-value\\">
			<jf-data-list-item item=\\"item\\" index=\\"$index\\"></jf-data-list-item>
		</td>
	</tr><!-- end ngIf: !item.isHidden --><!-- end ngRepeat: item in jfDataList.formattedItems --><!-- ngIf: !item.isHidden --><tr class=\\"data-list-item ng-scope\\" ng-repeat=\\"item in jfDataList.formattedItems\\" ng-if=\\"!item.isHidden\\">
		<td class=\\"data-list-item-label ng-binding\\">List with overflowing items:</td>
		<td class=\\"data-list-item-value\\">
			<jf-data-list-item item=\\"item\\" index=\\"$index\\"></jf-data-list-item>
		</td>
	</tr><!-- end ngIf: !item.isHidden --><!-- end ngRepeat: item in jfDataList.formattedItems --><!-- ngIf: !item.isHidden --><!-- end ngRepeat: item in jfDataList.formattedItems --><!-- ngIf: !item.isHidden --><tr class=\\"data-list-item ng-scope\\" ng-repeat=\\"item in jfDataList.formattedItems\\" ng-if=\\"!item.isHidden\\">
		<td class=\\"data-list-item-label ng-binding\\">Value is url:</td>
		<td class=\\"data-list-item-value\\">
			<jf-data-list-item item=\\"item\\" index=\\"$index\\"></jf-data-list-item>
		</td>
	</tr><!-- end ngIf: !item.isHidden --><!-- end ngRepeat: item in jfDataList.formattedItems --><!-- ngIf: !item.isHidden --><tr class=\\"data-list-item ng-scope\\" ng-repeat=\\"item in jfDataList.formattedItems\\" ng-if=\\"!item.isHidden\\">
		<td class=\\"data-list-item-label ng-binding\\">Value with separate url:</td>
		<td class=\\"data-list-item-value\\">
			<jf-data-list-item item=\\"item\\" index=\\"$index\\"></jf-data-list-item>
		</td>
	</tr><!-- end ngIf: !item.isHidden --><!-- end ngRepeat: item in jfDataList.formattedItems --><!-- ngIf: !item.isHidden --><tr class=\\"data-list-item ng-scope\\" ng-repeat=\\"item in jfDataList.formattedItems\\" ng-if=\\"!item.isHidden\\">
		<td class=\\"data-list-item-label ng-binding\\">Empty url:</td>
		<td class=\\"data-list-item-value\\">
			<jf-data-list-item item=\\"item\\" index=\\"$index\\"></jf-data-list-item>
		</td>
	</tr><!-- end ngIf: !item.isHidden --><!-- end ngRepeat: item in jfDataList.formattedItems --><!-- ngIf: !item.isHidden --><tr class=\\"data-list-item ng-scope\\" ng-repeat=\\"item in jfDataList.formattedItems\\" ng-if=\\"!item.isHidden\\">
		<td class=\\"data-list-item-label ng-binding\\">Empty url &amp; text:</td>
		<td class=\\"data-list-item-value\\">
			<jf-data-list-item item=\\"item\\" index=\\"$index\\"></jf-data-list-item>
		</td>
	</tr><!-- end ngIf: !item.isHidden --><!-- end ngRepeat: item in jfDataList.formattedItems -->
</tbody></table></jf-data-list>"
`;
